// Jest Snapshot v1, https://goo.gl/fbAQLP

exports[`#extract #base 1`] = `
{
  "list": [
    {
      "subkey": undefined,
      "text": "i18n text1",
    },
    {
      "subkey": "subkey1",
      "text": "i18n text2",
    },
    {
      "subkey": "subkey2",
      "text": "i18n.t text3",
    },
    {
      "subkey": undefined,
      "text": "i18n arr1",
    },
    {
      "subkey": "subkey1",
      "text": "i18n arr2",
    },
    {
      "subkey": "subkey2",
      "text": "i18n.t arr3",
    },
    {
      "subkey": undefined,
      "text": "i18n script1",
    },
    {
      "subkey": "subkey1",
      "text": "i18n script2",
    },
    {
      "subkey": "subkey2",
      "text": "i18n script3",
    },
    {
      "subkey": undefined,
      "text": "jsEncode script4",
    },
    {
      "subkey": undefined,
      "text": "sub i18n",
    },
  ],
}
`;
